// Jest Snapshot v1, https://goo.gl/fbAQLP

exports[`should render expenseList with empty expenses 1`] = `
<div>
  <p>
    No Expenses
  </p>
</div>
`;

exports[`should render expenseList with expenses 1`] = `
<div>
  <ExpenseListItem
    amount={25000}
    createdAt={-345600000}
    description="Rent"
    id="1"
    key="1"
    note="Rent for the previous month."
  />
  <ExpenseListItem
    amount={195}
    createdAt={0}
    description="Gum"
    id="2"
    key="2"
    note=""
  />
  <ExpenseListItem
    amount={45000}
    createdAt={345600000}
    description="Credit Card"
    id="3"
    key="3"
    note=""
  />
</div>
`;
